   Building test dependencies...
tests/actual_tests/aux_derive.rs ... ok
tests/actual_tests/aux_proc_macro.rs ... ok
tests/actual_tests/executable.rs ... ok
tests/actual_tests/foomp-rustfix.rs ... ok
tests/actual_tests/foomp.rs ... ok
tests/actual_tests/skip_hashtag.rs ... ok
tests/actual_tests/unicode.rs ... ok
tests/actual_tests/windows_paths.rs ... ok
tests/actual_tests/subdir/aux_proc_macro.rs ... ok

test result: ok. 9 tests passed, 0 ignored, 0 filtered out

